firstname1	lastname1	address1	1985	180	70
len=5, data=0x0101010101
len=8, data=0x0202020202020202
len=12, data=0x030303030303030303030303
firstname2	lastname2	address2	1995	170	65
len=5, data=0x0101010101
len=8, data=0x0202020202020202
len=12, data=0x030303030303030303030303
firstname3	lastname3	address3	2000	172	80
len=5, data=0x0101010101
len=8, data=0x0202020202020202
len=12, data=0x030303030303030303030303
